../Core/Src/main.c:82:13:test_gpio	8	static
../Core/Src/main.c:128:5:main	8	static
../Core/Src/main.c:184:6:SystemClock_Config	120	static
../Core/Src/main.c:240:13:MX_CAN_Init	8	static
../Core/Src/main.c:277:13:MX_I2C1_Init	8	static
../Core/Src/main.c:325:13:MX_I2C2_Init	8	static
../Core/Src/main.c:373:13:MX_SPI2_Init	8	static
../Core/Src/main.c:413:13:MX_TIM1_Init	112	static
../Core/Src/main.c:504:13:MX_UART5_Init	8	static
../Core/Src/main.c:539:13:MX_USART1_UART_Init	8	static
../Core/Src/main.c:574:13:MX_USART2_UART_Init	8	static
../Core/Src/main.c:609:13:MX_USART3_UART_Init	8	static
../Core/Src/main.c:644:13:MX_USB_PCD_Init	8	static
../Core/Src/main.c:675:13:MX_GPIO_Init	56	static
../Core/Src/main.c:782:6:Error_Handler	4	static,ignoring_inline_asm
